// Jest Snapshot v1, https://goo.gl/fbAQLP

exports[`JobPageNav component renders a .JobPageNav by default 1`] = `
<div
  className="JobPageNav"
>
  <div
    className="JobPageNav__back-button-wrapper"
  >
    <NavCircleButton
      className="JobPageNav__back-button"
      onClick={[Function]}
      role="link"
      tag="button"
      type="button"
    >
      <FontAwesomeIcon
        border={false}
        className=""
        fixedWidth={false}
        flip={null}
        icon="chevron-left"
        inverse={false}
        listItem={false}
        mask={null}
        pull={null}
        pulse={false}
        rotation={null}
        size={null}
        spin={false}
        swapOpacity={false}
        symbol={false}
        title=""
        transform={null}
      />
      <br />
      Back
    </NavCircleButton>
  </div>
</div>
`;
